// Jest Snapshot v1, https://goo.gl/fbAQLP

exports[`BookListItem BookListItem snapshot 1`] = `
Object {
  "asFragment": [Function],
  "baseElement": <body>
    <div>
      <li
        class="book-item"
        data-testid="book-item"
      >
        <img
          alt="Title"
          class="book-item__img"
          src="ImageURL"
        />
        <h5
          class="book-list__title"
          title="Title"
        >
          Title
        </h5>
        <div
          class="book-item__prices"
          data-testid="currency"
        >
          <span
            class="book-item__price"
          >
            9.79
             $
          </span>
          <span
            class="book-item__overprice"
          >
            11
             $
          </span>
          <span
            class="book-item__percent"
          >
            -
            11.0
             %
          </span>
        </div>
        <span
          class="book-item__author"
          title="Name"
        >
          Name
        </span>
        <span>
          <img
            class="book-view__star-icon"
            src="Star.svg"
          />
          4
          /5
        </span>
        <div
          class="book-item__btns"
        >
          <button
            class="book-item__addBasket"
          >
             Add to Basket 
          </button>
          <a
            class="book-item__more"
            href="/books/1"
          >
            More
          </a>
        </div>
      </li>
    </div>
  </body>,
  "container": <div>
    <li
      class="book-item"
      data-testid="book-item"
    >
      <img
        alt="Title"
        class="book-item__img"
        src="ImageURL"
      />
      <h5
        class="book-list__title"
        title="Title"
      >
        Title
      </h5>
      <div
        class="book-item__prices"
        data-testid="currency"
      >
        <span
          class="book-item__price"
        >
          9.79
           $
        </span>
        <span
          class="book-item__overprice"
        >
          11
           $
        </span>
        <span
          class="book-item__percent"
        >
          -
          11.0
           %
        </span>
      </div>
      <span
        class="book-item__author"
        title="Name"
      >
        Name
      </span>
      <span>
        <img
          class="book-view__star-icon"
          src="Star.svg"
        />
        4
        /5
      </span>
      <div
        class="book-item__btns"
      >
        <button
          class="book-item__addBasket"
        >
           Add to Basket 
        </button>
        <a
          class="book-item__more"
          href="/books/1"
        >
          More
        </a>
      </div>
    </li>
  </div>,
  "debug": [Function],
  "findAllByAltText": [Function],
  "findAllByDisplayValue": [Function],
  "findAllByLabelText": [Function],
  "findAllByPlaceholderText": [Function],
  "findAllByRole": [Function],
  "findAllByTestId": [Function],
  "findAllByText": [Function],
  "findAllByTitle": [Function],
  "findByAltText": [Function],
  "findByDisplayValue": [Function],
  "findByLabelText": [Function],
  "findByPlaceholderText": [Function],
  "findByRole": [Function],
  "findByTestId": [Function],
  "findByText": [Function],
  "findByTitle": [Function],
  "getAllByAltText": [Function],
  "getAllByDisplayValue": [Function],
  "getAllByLabelText": [Function],
  "getAllByPlaceholderText": [Function],
  "getAllByRole": [Function],
  "getAllByTestId": [Function],
  "getAllByText": [Function],
  "getAllByTitle": [Function],
  "getByAltText": [Function],
  "getByDisplayValue": [Function],
  "getByLabelText": [Function],
  "getByPlaceholderText": [Function],
  "getByRole": [Function],
  "getByTestId": [Function],
  "getByText": [Function],
  "getByTitle": [Function],
  "queryAllByAltText": [Function],
  "queryAllByDisplayValue": [Function],
  "queryAllByLabelText": [Function],
  "queryAllByPlaceholderText": [Function],
  "queryAllByRole": [Function],
  "queryAllByTestId": [Function],
  "queryAllByText": [Function],
  "queryAllByTitle": [Function],
  "queryByAltText": [Function],
  "queryByDisplayValue": [Function],
  "queryByLabelText": [Function],
  "queryByPlaceholderText": [Function],
  "queryByRole": [Function],
  "queryByTestId": [Function],
  "queryByText": [Function],
  "queryByTitle": [Function],
  "rerender": [Function],
  "unmount": [Function],
}
`;
