// Jest Snapshot v1, https://goo.gl/fbAQLP

exports[`DetailsItemLabel DetailsItemLabel snapshot 1`] = `
<span
  class="book-view__details-list-item-name"
>
  test
</span>
`;
