// Jest Snapshot v1, https://goo.gl/fbAQLP

exports[`SearchPanel Search snapshot 1`] = `
Object {
  "asFragment": [Function],
  "baseElement": <body>
    <div>
      <div
        class="search-panel"
      >
        <img
          alt=""
          class="search-panel__icon"
          src="SearchIcon.svg"
        />
        <input
          class="search-panel__input"
          placeholder="Enter book name or author-name..."
          type="search"
          value=""
        />
        <button
          class="search-panel__btn search-panel__btn-disabled"
          disabled=""
        >
          Search
        </button>
        <div
          class="search-dropdown "
        />
      </div>
    </div>
  </body>,
  "container": <div>
    <div
      class="search-panel"
    >
      <img
        alt=""
        class="search-panel__icon"
        src="SearchIcon.svg"
      />
      <input
        class="search-panel__input"
        placeholder="Enter book name or author-name..."
        type="search"
        value=""
      />
      <button
        class="search-panel__btn search-panel__btn-disabled"
        disabled=""
      >
        Search
      </button>
      <div
        class="search-dropdown "
      />
    </div>
  </div>,
  "debug": [Function],
  "findAllByAltText": [Function],
  "findAllByDisplayValue": [Function],
  "findAllByLabelText": [Function],
  "findAllByPlaceholderText": [Function],
  "findAllByRole": [Function],
  "findAllByTestId": [Function],
  "findAllByText": [Function],
  "findAllByTitle": [Function],
  "findByAltText": [Function],
  "findByDisplayValue": [Function],
  "findByLabelText": [Function],
  "findByPlaceholderText": [Function],
  "findByRole": [Function],
  "findByTestId": [Function],
  "findByText": [Function],
  "findByTitle": [Function],
  "getAllByAltText": [Function],
  "getAllByDisplayValue": [Function],
  "getAllByLabelText": [Function],
  "getAllByPlaceholderText": [Function],
  "getAllByRole": [Function],
  "getAllByTestId": [Function],
  "getAllByText": [Function],
  "getAllByTitle": [Function],
  "getByAltText": [Function],
  "getByDisplayValue": [Function],
  "getByLabelText": [Function],
  "getByPlaceholderText": [Function],
  "getByRole": [Function],
  "getByTestId": [Function],
  "getByText": [Function],
  "getByTitle": [Function],
  "queryAllByAltText": [Function],
  "queryAllByDisplayValue": [Function],
  "queryAllByLabelText": [Function],
  "queryAllByPlaceholderText": [Function],
  "queryAllByRole": [Function],
  "queryAllByTestId": [Function],
  "queryAllByText": [Function],
  "queryAllByTitle": [Function],
  "queryByAltText": [Function],
  "queryByDisplayValue": [Function],
  "queryByLabelText": [Function],
  "queryByPlaceholderText": [Function],
  "queryByRole": [Function],
  "queryByTestId": [Function],
  "queryByText": [Function],
  "queryByTitle": [Function],
  "rerender": [Function],
  "unmount": [Function],
}
`;
